// Jest Snapshot v1, https://goo.gl/fbAQLP

exports[`SignIn Component matches snapshot 1`] = `
<View
  style={
    [
      {
        "backgroundColor": "#151718",
      },
      {
        "alignItems": "center",
        "display": "flex",
        "flex": 1,
        "flexDirection": "column",
        "justifyContent": "center",
      },
    ]
  }
>
  <View
    style={
      [
        {
          "backgroundColor": "#151718",
        },
        [
          {
            "alignItems": "center",
            "borderColor": "#ccc",
            "borderRadius": 10.714285714285714,
            "borderWidth": 2.142857142857143,
            "flexDirection": "row",
            "marginBottom": 21.428571428571427,
            "paddingHorizontal": 21.428571428571427,
            "width": "80%",
          },
          undefined,
        ],
      ]
    }
  >
    <TextInput
      keyboardType="default"
      onBlur={[Function]}
      onChangeText={[Function]}
      placeholder="Email"
      placeholderTextColor="#999"
      secureTextEntry={false}
      style={
        [
          {
            "flex": 1,
            "padding": 21.428571428571427,
          },
          {
            "backgroundColor": "#151718",
            "color": undefined,
          },
          undefined,
        ]
      }
      value=""
    />
    <View
      accessibilityState={
        {
          "busy": undefined,
          "checked": undefined,
          "disabled": undefined,
          "expanded": undefined,
          "selected": undefined,
        }
      }
      accessibilityValue={
        {
          "max": undefined,
          "min": undefined,
          "now": undefined,
          "text": undefined,
        }
      }
      accessible={true}
      collapsable={false}
      focusable={true}
      onClick={[Function]}
      onResponderGrant={[Function]}
      onResponderMove={[Function]}
      onResponderRelease={[Function]}
      onResponderTerminate={[Function]}
      onResponderTerminationRequest={[Function]}
      onStartShouldSetResponder={[Function]}
      style={
        {
          "opacity": 1,
        }
      }
    >
      <View
        style={
          [
            {
              "alignItems": "center",
              "backgroundColor": "transparent",
              "borderRadius": 100,
              "display": "flex",
              "flexDirection": "column",
              "justifyContent": "center",
              "padding": 5.357142857142857,
            },
            undefined,
          ]
        }
      >
        <Text />
      </View>
    </View>
  </View>
  <View
    style={
      [
        {
          "backgroundColor": "#151718",
        },
        [
          {
            "alignItems": "center",
            "borderColor": "#ccc",
            "borderRadius": 10.714285714285714,
            "borderWidth": 2.142857142857143,
            "flexDirection": "row",
            "marginBottom": 21.428571428571427,
            "paddingHorizontal": 21.428571428571427,
            "width": "80%",
          },
          undefined,
        ],
      ]
    }
  >
    <TextInput
      keyboardType="default"
      onBlur={[Function]}
      onChangeText={[Function]}
      placeholder="Password"
      placeholderTextColor="#999"
      secureTextEntry={true}
      style={
        [
          {
            "flex": 1,
            "padding": 21.428571428571427,
          },
          {
            "backgroundColor": "#151718",
            "color": undefined,
          },
          undefined,
        ]
      }
      value=""
    />
    <View
      accessibilityState={
        {
          "busy": undefined,
          "checked": undefined,
          "disabled": undefined,
          "expanded": undefined,
          "selected": undefined,
        }
      }
      accessibilityValue={
        {
          "max": undefined,
          "min": undefined,
          "now": undefined,
          "text": undefined,
        }
      }
      accessible={true}
      collapsable={false}
      focusable={true}
      onClick={[Function]}
      onResponderGrant={[Function]}
      onResponderMove={[Function]}
      onResponderRelease={[Function]}
      onResponderTerminate={[Function]}
      onResponderTerminationRequest={[Function]}
      onStartShouldSetResponder={[Function]}
      style={
        {
          "opacity": 1,
        }
      }
      testID="passwordVisibilityToggle"
    >
      <View
        style={
          [
            {
              "alignItems": "center",
              "backgroundColor": "transparent",
              "borderRadius": 100,
              "display": "flex",
              "flexDirection": "column",
              "justifyContent": "center",
              "padding": 5.357142857142857,
            },
            undefined,
          ]
        }
      >
        <Text />
      </View>
    </View>
  </View>
  <View
    accessibilityState={
      {
        "busy": undefined,
        "checked": undefined,
        "disabled": false,
        "expanded": undefined,
        "selected": undefined,
      }
    }
    accessibilityValue={
      {
        "max": undefined,
        "min": undefined,
        "now": undefined,
        "text": undefined,
      }
    }
    accessible={true}
    collapsable={false}
    focusable={true}
    onClick={[Function]}
    onResponderGrant={[Function]}
    onResponderMove={[Function]}
    onResponderRelease={[Function]}
    onResponderTerminate={[Function]}
    onResponderTerminationRequest={[Function]}
    onStartShouldSetResponder={[Function]}
    style={
      {
        "alignItems": "center",
        "backgroundColor": "#CD03EF",
        "borderRadius": 10.714285714285714,
        "marginBottom": 21.428571428571427,
        "opacity": 1,
        "padding": 21.428571428571427,
        "width": "80%",
      }
    }
  >
    <Text
      style={
        [
          {
            "color": "#ECEDEE",
          },
          {
            "fontSize": 34.285714285714285,
            "lineHeight": 51.42857142857143,
          },
          undefined,
          undefined,
          undefined,
          undefined,
          [
            {
              "color": "#fff",
            },
            undefined,
          ],
        ]
      }
    >
      Sign In
    </Text>
  </View>
  <Text
    onPress={[Function]}
    style={
      [
        {
          "color": "#ECEDEE",
        },
        undefined,
        undefined,
        undefined,
        undefined,
        {
          "color": "#CD03EF",
          "fontSize": 34.285714285714285,
          "lineHeight": 64.28571428571428,
        },
        undefined,
      ]
    }
  >
    Sign Up
  </Text>
  <Text
    onPress={[Function]}
    style={
      [
        {
          "color": "#ECEDEE",
        },
        undefined,
        undefined,
        undefined,
        undefined,
        {
          "color": "#CD03EF",
          "fontSize": 34.285714285714285,
          "lineHeight": 64.28571428571428,
        },
        undefined,
      ]
    }
  >
    Reset Password
  </Text>
</View>
`;
